[[["<my-component>is awesome</my-component>"]],[["<other-component>some other component</other-component>"]],["<root-component> so awesome </root-component>"]]